org\weasis\launcher\WeasisLauncher$State.class
org\weasis\launcher\Singleton$SingletonApp.class
org\weasis\launcher\Singleton$SingletonServerRunnable.class
org\weasis\pref\Preference.class
org\weasis\launcher\AppLauncher.class
org\weasis\launcher\LookAndFeels.class
org\weasis\launcher\RemotePrefService.class
org\weasis\launcher\WeasisMainFrameMBean.class
org\weasis\launcher\WeasisLoader.class
org\weasis\launcher\SwingResources.class
org\weasis\launcher\EmptyAccessibilityProvider.class
org\weasis\launcher\Singleton$SingletonServer.class
org\weasis\launcher\LookAndFeels$1.class
org\weasis\launcher\WeasisLauncher$Type.class
org\weasis\launcher\WeasisMainFrame.class
org\weasis\launcher\Messages.class
org\weasis\launcher\FileUtil.class
org\weasis\launcher\WeasisLoader$1.class
org\weasis\launcher\FlatWeasisTheme.class
org\weasis\pref\ConfigData$1.class
org\weasis\launcher\Singleton.class
org\weasis\launcher\WeasisLauncher.class
org\weasis\pref\ConfigData.class
org\weasis\launcher\LookAndFeels$ReadableLookAndFeelInfo.class
org\weasis\launcher\Utils.class
org\weasis\launcher\AutoProcessor.class
org\weasis\launcher\AutoProcessor$BundleElement.class
org\weasis\launcher\WeasisLauncher$HaltTask.class
org\weasis\pref\AppPreferences.class
