C:\Users\yigit\Downloads\Weasis\weasis-launcher\src\main\java\org\weasis\launcher\AppLauncher.java
C:\Users\yigit\Downloads\Weasis\weasis-launcher\src\main\java\org\weasis\launcher\AutoProcessor.java
C:\Users\yigit\Downloads\Weasis\weasis-launcher\src\main\java\org\weasis\launcher\EmptyAccessibilityProvider.java
C:\Users\yigit\Downloads\Weasis\weasis-launcher\src\main\java\org\weasis\launcher\FileUtil.java
C:\Users\yigit\Downloads\Weasis\weasis-launcher\src\main\java\org\weasis\launcher\FlatWeasisTheme.java
C:\Users\yigit\Downloads\Weasis\weasis-launcher\src\main\java\org\weasis\launcher\LookAndFeels.java
C:\Users\yigit\Downloads\Weasis\weasis-launcher\src\main\java\org\weasis\launcher\Messages.java
C:\Users\yigit\Downloads\Weasis\weasis-launcher\src\main\java\org\weasis\launcher\RemotePrefService.java
C:\Users\yigit\Downloads\Weasis\weasis-launcher\src\main\java\org\weasis\launcher\Singleton.java
C:\Users\yigit\Downloads\Weasis\weasis-launcher\src\main\java\org\weasis\launcher\SwingResources.java
C:\Users\yigit\Downloads\Weasis\weasis-launcher\src\main\java\org\weasis\launcher\Utils.java
C:\Users\yigit\Downloads\Weasis\weasis-launcher\src\main\java\org\weasis\launcher\WeasisLauncher.java
C:\Users\yigit\Downloads\Weasis\weasis-launcher\src\main\java\org\weasis\launcher\WeasisLoader.java
C:\Users\yigit\Downloads\Weasis\weasis-launcher\src\main\java\org\weasis\launcher\WeasisMainFrame.java
C:\Users\yigit\Downloads\Weasis\weasis-launcher\src\main\java\org\weasis\launcher\WeasisMainFrameMBean.java
C:\Users\yigit\Downloads\Weasis\weasis-launcher\src\main\java\org\weasis\pref\AppPreferences.java
C:\Users\yigit\Downloads\Weasis\weasis-launcher\src\main\java\org\weasis\pref\ConfigData.java
C:\Users\yigit\Downloads\Weasis\weasis-launcher\src\main\java\org\weasis\pref\Preference.java
